
root@162-55-4-35:/var/www/posta-kodlari# npm ci
npm error code EUSAGE
npm error
npm error The `npm ci` command can only install with an existing package-lock.json or
npm error npm-shrinkwrap.json with lockfileVersion >= 1. Run an install with npm@5 or
npm error later to generate a package-lock.json file, then try again.
npm error
npm error Clean install a project
npm error
npm error Usage:
npm error npm ci
npm error
npm error Options:
npm error [--install-strategy <hoisted|nested|shallow|linked>] [--legacy-bundling]
npm error [--global-style] [--omit <dev|optional|peer> [--omit <dev|optional|peer> ...]]
npm error [--include <prod|dev|optional|peer> [--include <prod|dev|optional|peer> ...]]
npm error [--strict-peer-deps] [--foreground-scripts] [--ignore-scripts] [--no-audit]
npm error [--no-bin-links] [--no-fund] [--dry-run]
npm error [-w|--workspace <workspace-name> [-w|--workspace <workspace-name> ...]]
npm error [-ws|--workspaces] [--include-workspace-root] [--install-links]
npm error
npm error aliases: clean-install, ic, install-clean, isntall-clean
npm error
npm error Run "npm help ci" for more info
npm error A complete log of this run can be found in: /root/.npm/_logs/2025-10-19T02_15_43_570Z-debug-0.log
root@162-55-4-35:/var/www/posta-kodlari# npm install --no-cache
npm warn invalid config cache=false set in command line options
npm warn invalid config Must be valid filesystem path

added 409 packages, and audited 410 packages in 13s

55 packages are looking for funding
  run `npm fund` for details

found 0 vulnerabilities
root@162-55-4-35:/var/www/posta-kodlari# ls -la node_modules/.bin/ | grep vite
root@162-55-4-35:/var/www/posta-kodlari# npm install --save-dev vite@^5.4.20

up to date, audited 410 packages in 2s

55 packages are looking for funding
  run `npm fund` for details

found 0 vulnerabilities
root@162-55-4-35:/var/www/posta-kodlari# ls -la node_modules/.bin/vite
ls: cannot access 'node_modules/.bin/vite': No such file or directory
root@162-55-4-35:/var/www/posta-kodlari#
